12.1400
1.5000
2.2000
42.9273
100.0000
0
1
0
100.0000
1
0
100.0000
1
0
100.0000
1
0
